0x8048c07 0xf75c972e 52
0x8048c07 0xf75c972e 28
0x8048c07 0xf75c972e 28
0x8048c07 0xf75c972e 32
0x8048c07 0xf75c972e 28
0x8048c07 0xf75c972e 32
0x8048c07 0xf75c972e 32
0x8048c07 0xf75c972e 32
0x8048c07 0xf75c972e 24
0x8048c07 0xf75c972e 28
0x8048c07 0xf75c972e 24
0x8048c07 0xf75c972e 28
0x8048c07 0xf75c972e 24
0x8048c07 0xf75c972e 28
0x8048c07 0xf75c972e 24
0x8048c07 0xf75c972e 28
0x8048c07 0xf75c972e 24
0x8048c07 0xf75c972e 32
0x8048c07 0xf75c972e 32
0x8048c07 0xf75c972e 32
0x8048c07 0xf75c972e 24
0x8048c07 0xf75c972e 32
0x8048c07 0xf75c972e 36
0x8048c07 0xf75c972e 32
0x8048c07 0xf75c972e 24
0x8048c07 0xf75c972e 28
0x8048c07 0xf75c972e 32
0x8048c07 0xf75c972e 32
0x8048c07 0xf75c972e 24
0x8048c07 0xf75c972e 32
0x8048c07 0xf75c972e 32
0x8048c07 0xf75c972e 32
0x8048c07 0xf75c972e 28
0x8048c07 0xf75c972e 36
0x8048c07 0xf75c972e 32
0x8048c07 0xf75c972e 36
0x8048c07 0xf75c972e 24
0x8048c07 0xf75c972e 32
0x8048c07 0xf75c972e 32
0x8048c07 0xf75c972e 32
0x8048c07 0xf75c972e 28
0x8048c07 0xf75c972e 32
0x8048c07 0xf75c972e 32
0x8048c07 0xf75c972e 28
0x8048c07 0xf75c972e 28
0x8048c07 0xf75c972e 36
0x8048c07 0xf75c972e 36
0x8048c07 0xf75c972e 36
0x8048c07 0xf75c972e 96
0x8048c07 0xf75c972e 32
0x8048c07 0xf75c972e 28
0x8048c07 0xf75c972e 32
0x8048c07 0xf75c972e 32
0x8048c07 0xf75c972e 36
0x8048c07 0xf75c972e 36
0x8048c07 0xf75c972e 36
0x8048c07 0xf75c972e 36
0x8048c07 0xf75c972e 36
0x8048c07 0xf75c972e 36
0x8048c07 0xf75c972e 36
0x8048c07 0xf75c972e 36
0x8048c07 0xf75c972e 36
0x8048c07 0xf75c972e 36
0x8048c07 0xf75c972e 36
0x8048c07 0xf75c972e 24
0x8048c07 0xf75c972e 28
0x8048c07 0xf75c972e 28
0x8048c07 0xf75c972e 32
0x8048c07 0xf75c972e 32
0x8048c07 0xf75c972e 36
0x8048c07 0xf75c972e 36
0x8048c07 0xf75c972e 32
0x8048c07 0xf75c972e 32
0x8048c07 0xf75c972e 32
0x8048c07 0xf75c972e 36
0x8048c07 0xf75c972e 36
0x8048c07 0xf75c972e 36
0x8048c07 0xf75c972e 36
0x8048c07 0xf75c972e 36
0x8048c07 0xf75c972e 36
0x8048c07 0xf75c972e 36
0x8048c07 0xf75c972e 36
0x8048c07 0xf75c972e 36
0x8048c07 0xf75c972e 32
0x8048c07 0xf75c972e 36
0x8048c07 0xf75c972e 28
0x8048c07 0xf75c972e 28
0x8048c07 0xf75c972e 32
0x8048c07 0xf75c972e 32
0x8048c07 0xf75c972e 32
0x8048c07 0xf75c972e 32
0x8048c07 0xf75c972e 32
0x8048c07 0xf75c972e 32
0x8048c07 0xf75c972e 36
0x8048c07 0xf75c972e 36
0x8048c07 0xf75c972e 32
0x8048c07 0xf75c972e 36
0x8048c07 0xf75c972e 28
0x8048c07 0xf75c972e 32
0x8048c07 0xf75c972e 36
0x8048590 0xf75c972e 10416
